Added Component: Designator=C?(CAPC_0603_N)
Add component (AddParameter): Name = "Category"; Value = "Capacitor"; VariantName = "[No Variations]"
Add component (AddParameter): Name = "Creator"; Value = "Hainv"; VariantName = "[No Variations]"
Add component (AddParameter): Name = "Detailed Value"; Value = "100nF"; VariantName = "[No Variations]"
Add component (AddParameter): Name = "Manufacture"; Value = "Yageo"; VariantName = "[No Variations]"
Add component (AddParameter): Name = "Mounting type"; Value = "SMD"; VariantName = "[No Variations]"
Add component (AddParameter): Name = "Partnumber"; Value = "CC0603KRX7R9BB104"; VariantName = "[No Variations]"
Add component (AddParameter): Name = "Supplier"; Value = "LCSC"; VariantName = "[No Variations]"
Add component (AddParameter): Name = "Tolerance"; Value = "±10%"; VariantName = "[No Variations]"
Add component (AddParameter): Name = "Value"; Value = "100nF"; VariantName = "[No Variations]"
Added Component: Designator=C?(CAPC_0805_N)
Add component (AddParameter): Name = "Category"; Value = "Capacitor"; VariantName = "[No Variations]"
Add component (AddParameter): Name = "Creator"; Value = "ThangND"; VariantName = "[No Variations]"
Add component (AddParameter): Name = "Detailed Value"; Value = "10uF - 16V - 0805"; VariantName = "[No Variations]"
Add component (AddParameter): Name = "Manufacture"; Value = "Hottech"; VariantName = "[No Variations]"
Add component (AddParameter): Name = "Mounting type"; Value = "SMD"; VariantName = "[No Variations]"
Add component (AddParameter): Name = "Partnumber"; Value = "C0805X5R106K160NT"; VariantName = "[No Variations]"
Add component (AddParameter): Name = "PROJECT"; Value = "KHO"; VariantName = "[No Variations]"
Add component (AddParameter): Name = "Value"; Value = "10uF - 16V"; VariantName = "[No Variations]"
Added Component: Designator=C?(CAPC_0603_N)
Add component (AddParameter): Name = "Category"; Value = "Capacitor"; VariantName = "[No Variations]"
Add component (AddParameter): Name = "Creator"; Value = "Hainv"; VariantName = "[No Variations]"
Add component (AddParameter): Name = "Detailed Value"; Value = "100nF"; VariantName = "[No Variations]"
Add component (AddParameter): Name = "Manufacture"; Value = "Yageo"; VariantName = "[No Variations]"
Add component (AddParameter): Name = "Mounting type"; Value = "SMD"; VariantName = "[No Variations]"
Add component (AddParameter): Name = "Partnumber"; Value = "CC0603KRX7R9BB104"; VariantName = "[No Variations]"
Add component (AddParameter): Name = "Supplier"; Value = "LCSC"; VariantName = "[No Variations]"
Add component (AddParameter): Name = "Tolerance"; Value = "±10%"; VariantName = "[No Variations]"
Add component (AddParameter): Name = "Value"; Value = "100nF"; VariantName = "[No Variations]"
Added Component: Designator=C?(C0402)
Add component (AddParameter): Name = "Category"; Value = "Capacitor"; VariantName = "[No Variations]"
Add component (AddParameter): Name = "Creator"; Value = "Hainv"; VariantName = "[No Variations]"
Add component (AddParameter): Name = "Detailed Value"; Value = "100nF/4/16V"; VariantName = "[No Variations]"
Add component (AddParameter): Name = "Manufacture"; Value = "Yageo"; VariantName = "[No Variations]"
Add component (AddParameter): Name = "Mounting type"; Value = "SMD"; VariantName = "[No Variations]"
Add component (AddParameter): Name = "Partnumber"; Value = "CC0402KRX7R7BB104"; VariantName = "[No Variations]"
Add component (AddParameter): Name = "Supplier"; Value = "LCSC"; VariantName = "[No Variations]"
Add component (AddParameter): Name = "Tolerance"; Value = "±10%"; VariantName = "[No Variations]"
Add component (AddParameter): Name = "Value"; Value = "100nF/4/16V"; VariantName = "[No Variations]"
Added Component: Designator=C?(C0402)
Add component (AddParameter): Name = "Category"; Value = "Capacitor"; VariantName = "[No Variations]"
Add component (AddParameter): Name = "Creator"; Value = "Hainv"; VariantName = "[No Variations]"
Add component (AddParameter): Name = "Detailed Value"; Value = "100nF/4/16V"; VariantName = "[No Variations]"
Add component (AddParameter): Name = "Manufacture"; Value = "Yageo"; VariantName = "[No Variations]"
Add component (AddParameter): Name = "Mounting type"; Value = "SMD"; VariantName = "[No Variations]"
Add component (AddParameter): Name = "Partnumber"; Value = "CC0402KRX7R7BB104"; VariantName = "[No Variations]"
Add component (AddParameter): Name = "Supplier"; Value = "LCSC"; VariantName = "[No Variations]"
Add component (AddParameter): Name = "Tolerance"; Value = "±10%"; VariantName = "[No Variations]"
Add component (AddParameter): Name = "Value"; Value = "100nF/4/16V"; VariantName = "[No Variations]"
Added Component: Designator=C?(CAPC_0805_N)
Add component (AddParameter): Name = "Category"; Value = "Capacitor"; VariantName = "[No Variations]"
Add component (AddParameter): Name = "Creator"; Value = "ThangND"; VariantName = "[No Variations]"
Add component (AddParameter): Name = "Detailed Value"; Value = "10uF - 16V - 0805"; VariantName = "[No Variations]"
Add component (AddParameter): Name = "Manufacture"; Value = "Hottech"; VariantName = "[No Variations]"
Add component (AddParameter): Name = "Mounting type"; Value = "SMD"; VariantName = "[No Variations]"
Add component (AddParameter): Name = "Partnumber"; Value = "C0805X5R106K160NT"; VariantName = "[No Variations]"
Add component (AddParameter): Name = "PROJECT"; Value = "KHO"; VariantName = "[No Variations]"
Add component (AddParameter): Name = "Value"; Value = "10uF - 16V"; VariantName = "[No Variations]"
Added Component: Designator=C?(C0402)
Add component (AddParameter): Name = "Category"; Value = "Capacitor"; VariantName = "[No Variations]"
Add component (AddParameter): Name = "Creator"; Value = "Hainv"; VariantName = "[No Variations]"
Add component (AddParameter): Name = "Detailed Value"; Value = "100nF/4/16V"; VariantName = "[No Variations]"
Add component (AddParameter): Name = "Manufacture"; Value = "Yageo"; VariantName = "[No Variations]"
Add component (AddParameter): Name = "Mounting type"; Value = "SMD"; VariantName = "[No Variations]"
Add component (AddParameter): Name = "Partnumber"; Value = "CC0402KRX7R7BB104"; VariantName = "[No Variations]"
Add component (AddParameter): Name = "Supplier"; Value = "LCSC"; VariantName = "[No Variations]"
Add component (AddParameter): Name = "Tolerance"; Value = "±10%"; VariantName = "[No Variations]"
Add component (AddParameter): Name = "Value"; Value = "100nF/4/16V"; VariantName = "[No Variations]"
Added Component: Designator=C?(CAPC_0805_N)
Add component (AddParameter): Name = "Category"; Value = "Capacitor"; VariantName = "[No Variations]"
Add component (AddParameter): Name = "Creator"; Value = "ThangND"; VariantName = "[No Variations]"
Add component (AddParameter): Name = "Detailed Value"; Value = "10uF - 16V - 0805"; VariantName = "[No Variations]"
Add component (AddParameter): Name = "Manufacture"; Value = "Hottech"; VariantName = "[No Variations]"
Add component (AddParameter): Name = "Mounting type"; Value = "SMD"; VariantName = "[No Variations]"
Add component (AddParameter): Name = "Partnumber"; Value = "C0805X5R106K160NT"; VariantName = "[No Variations]"
Add component (AddParameter): Name = "PROJECT"; Value = "KHO"; VariantName = "[No Variations]"
Add component (AddParameter): Name = "Value"; Value = "10uF - 16V"; VariantName = "[No Variations]"
Added Component: Designator=C?(C0402)
Add component (AddParameter): Name = "Category"; Value = "Capacitor"; VariantName = "[No Variations]"
Add component (AddParameter): Name = "Creator"; Value = "Hainv"; VariantName = "[No Variations]"
Add component (AddParameter): Name = "Detailed Value"; Value = "100nF/4/16V"; VariantName = "[No Variations]"
Add component (AddParameter): Name = "Manufacture"; Value = "Yageo"; VariantName = "[No Variations]"
Add component (AddParameter): Name = "Mounting type"; Value = "SMD"; VariantName = "[No Variations]"
Add component (AddParameter): Name = "Partnumber"; Value = "CC0402KRX7R7BB104"; VariantName = "[No Variations]"
Add component (AddParameter): Name = "Supplier"; Value = "LCSC"; VariantName = "[No Variations]"
Add component (AddParameter): Name = "Tolerance"; Value = "±10%"; VariantName = "[No Variations]"
Add component (AddParameter): Name = "Value"; Value = "100nF/4/16V"; VariantName = "[No Variations]"
Added Component: Designator=C?(C0402)
Add component (AddParameter): Name = "Category"; Value = "Capacitor"; VariantName = "[No Variations]"
Add component (AddParameter): Name = "Creator"; Value = "Hainv"; VariantName = "[No Variations]"
Add component (AddParameter): Name = "Detailed Value"; Value = "100nF/4/16V"; VariantName = "[No Variations]"
Add component (AddParameter): Name = "Manufacture"; Value = "Yageo"; VariantName = "[No Variations]"
Add component (AddParameter): Name = "Mounting type"; Value = "SMD"; VariantName = "[No Variations]"
Add component (AddParameter): Name = "Partnumber"; Value = "CC0402KRX7R7BB104"; VariantName = "[No Variations]"
Add component (AddParameter): Name = "Supplier"; Value = "LCSC"; VariantName = "[No Variations]"
Add component (AddParameter): Name = "Tolerance"; Value = "±10%"; VariantName = "[No Variations]"
Add component (AddParameter): Name = "Value"; Value = "100nF/4/16V"; VariantName = "[No Variations]"
Added Component: Designator=C?(CAPC_0805_N)
Add component (AddParameter): Name = "Category"; Value = "Capacitor"; VariantName = "[No Variations]"
Add component (AddParameter): Name = "Creator"; Value = "ThangND"; VariantName = "[No Variations]"
Add component (AddParameter): Name = "Detailed Value"; Value = "10uF - 16V - 0805"; VariantName = "[No Variations]"
Add component (AddParameter): Name = "Manufacture"; Value = "Hottech"; VariantName = "[No Variations]"
Add component (AddParameter): Name = "Mounting type"; Value = "SMD"; VariantName = "[No Variations]"
Add component (AddParameter): Name = "Partnumber"; Value = "C0805X5R106K160NT"; VariantName = "[No Variations]"
Add component (AddParameter): Name = "PROJECT"; Value = "KHO"; VariantName = "[No Variations]"
Add component (AddParameter): Name = "Value"; Value = "10uF - 16V"; VariantName = "[No Variations]"
Added Component: Designator=C?(C0402)
Add component (AddParameter): Name = "Category"; Value = "Capacitor"; VariantName = "[No Variations]"
Add component (AddParameter): Name = "Creator"; Value = "Hainv"; VariantName = "[No Variations]"
Add component (AddParameter): Name = "Detailed Value"; Value = "100nF/4/16V"; VariantName = "[No Variations]"
Add component (AddParameter): Name = "Manufacture"; Value = "Yageo"; VariantName = "[No Variations]"
Add component (AddParameter): Name = "Mounting type"; Value = "SMD"; VariantName = "[No Variations]"
Add component (AddParameter): Name = "Partnumber"; Value = "CC0402KRX7R7BB104"; VariantName = "[No Variations]"
Add component (AddParameter): Name = "Supplier"; Value = "LCSC"; VariantName = "[No Variations]"
Add component (AddParameter): Name = "Tolerance"; Value = "±10%"; VariantName = "[No Variations]"
Add component (AddParameter): Name = "Value"; Value = "100nF/4/16V"; VariantName = "[No Variations]"
Added Component: Designator=E?(0603)
Add component (AddParameter): Name = "Category"; Value = "Ferrite Bead"; VariantName = "[No Variations]"
Add component (AddParameter): Name = "Creator"; Value = "Hainv"; VariantName = "[No Variations]"
Add component (AddParameter): Name = "Detailed Value"; Value = "5A"; VariantName = "[No Variations]"
Add component (AddParameter): Name = "Manufacture"; Value = "YJYCOIN"; VariantName = "[No Variations]"
Add component (AddParameter): Name = "Mounting type"; Value = "SMD"; VariantName = "[No Variations]"
Add component (AddParameter): Name = "Partnumber"; Value = "YI160808U100-5R0T"; VariantName = "[No Variations]"
Add component (AddParameter): Name = "Supplier"; Value = "LCSC"; VariantName = "[No Variations]"
Add component (AddParameter): Name = "Value"; Value = "5A"; VariantName = "[No Variations]"
Added Component: Designator=E?(0805)
Add component (AddParameter): Name = "Category"; Value = "Ferrite Bead"; VariantName = "[No Variations]"
Add component (AddParameter): Name = "Creator"; Value = "Tunn"; VariantName = "[No Variations]"
Add component (AddParameter): Name = "Detailed Value"; Value = "1K-1.5A"; VariantName = "[No Variations]"
Add component (AddParameter): Name = "Manufacture"; Value = "Sunlord"; VariantName = "[No Variations]"
Add component (AddParameter): Name = "Mounting type"; Value = "SMD"; VariantName = "[No Variations]"
Add component (AddParameter): Name = "Partnumber"; Value = "UPZ2012E102-1R5TF"; VariantName = "[No Variations]"
Add component (AddParameter): Name = "Value"; Value = "1K-1.5A"; VariantName = "[No Variations]"
Added Component: Designator=E?(0603)
Add component (AddParameter): Name = "Category"; Value = "Ferrite Bead"; VariantName = "[No Variations]"
Add component (AddParameter): Name = "Creator"; Value = "Hainv"; VariantName = "[No Variations]"
Add component (AddParameter): Name = "Detailed Value"; Value = "5A"; VariantName = "[No Variations]"
Add component (AddParameter): Name = "Manufacture"; Value = "YJYCOIN"; VariantName = "[No Variations]"
Add component (AddParameter): Name = "Mounting type"; Value = "SMD"; VariantName = "[No Variations]"
Add component (AddParameter): Name = "Partnumber"; Value = "YI160808U100-5R0T"; VariantName = "[No Variations]"
Add component (AddParameter): Name = "Supplier"; Value = "LCSC"; VariantName = "[No Variations]"
Add component (AddParameter): Name = "Value"; Value = "5A"; VariantName = "[No Variations]"
Added Component: Designator=E?(0805)
Add component (AddParameter): Name = "Category"; Value = "Ferrite Bead"; VariantName = "[No Variations]"
Add component (AddParameter): Name = "Creator"; Value = "Tunn"; VariantName = "[No Variations]"
Add component (AddParameter): Name = "Detailed Value"; Value = "1K-1.5A"; VariantName = "[No Variations]"
Add component (AddParameter): Name = "Manufacture"; Value = "Sunlord"; VariantName = "[No Variations]"
Add component (AddParameter): Name = "Mounting type"; Value = "SMD"; VariantName = "[No Variations]"
Add component (AddParameter): Name = "Partnumber"; Value = "UPZ2012E102-1R5TF"; VariantName = "[No Variations]"
Add component (AddParameter): Name = "Value"; Value = "1K-1.5A"; VariantName = "[No Variations]"
Added Component: Designator=J?(TP-SMD)
Add component (AddParameter): Name = "Category"; Value = "Connector"; VariantName = "[No Variations]"
Add component (AddParameter): Name = "Creator"; Value = "Quyen.nv"; VariantName = "[No Variations]"
Add component (AddParameter): Name = "Detailed Value"; Value = "TP"; VariantName = "[No Variations]"
Add component (AddParameter): Name = "Partnumber"; Value = "TP"; VariantName = "[No Variations]"
Add component (AddParameter): Name = "Value"; Value = "TP"; VariantName = "[No Variations]"
Added Component: Designator=J?(TP-SMD)
Add component (AddParameter): Name = "Category"; Value = "Connector"; VariantName = "[No Variations]"
Add component (AddParameter): Name = "Creator"; Value = "Quyen.nv"; VariantName = "[No Variations]"
Add component (AddParameter): Name = "Detailed Value"; Value = "TP"; VariantName = "[No Variations]"
Add component (AddParameter): Name = "Partnumber"; Value = "TP"; VariantName = "[No Variations]"
Add component (AddParameter): Name = "Value"; Value = "TP"; VariantName = "[No Variations]"
Added Component: Designator=J?(AMPHENOL_F32Q-1A7H1-11022)
Add component (AddParameter): Name = "Check_prices"; Value = "https://www.snapeda.com/parts/F32Q-1A7H1-11022/Amphenol+FCI/view-part/?ref=eda"; VariantName = "[No Variations]"
Add component (AddParameter): Name = "MF"; Value = "Amphenol ICC (FCI)"; VariantName = "[No Variations]"
Add component (AddParameter): Name = "MP"; Value = "F32Q-1A7H1-11022"; VariantName = "[No Variations]"
Add component (AddParameter): Name = "Package"; Value = "None"; VariantName = "[No Variations]"
Add component (AddParameter): Name = "SnapEDA_Link"; Value = "https://www.snapeda.com/parts/F32Q-1A7H1-11022/Amphenol+FCI/view-part/?ref=snap"; VariantName = "[No Variations]"
Add component (AddParameter): Name = "Value"; Value = ""; VariantName = "[No Variations]"
Added Component: Designator=J?(TP-SMD)
Add component (AddParameter): Name = "Category"; Value = "Connector"; VariantName = "[No Variations]"
Add component (AddParameter): Name = "Creator"; Value = "Quyen.nv"; VariantName = "[No Variations]"
Add component (AddParameter): Name = "Detailed Value"; Value = "TP"; VariantName = "[No Variations]"
Add component (AddParameter): Name = "Partnumber"; Value = "TP"; VariantName = "[No Variations]"
Add component (AddParameter): Name = "Value"; Value = "TP"; VariantName = "[No Variations]"
Added Component: Designator=L?(IND-3x3)
Add component (AddParameter): Name = "Category"; Value = "Inductor"; VariantName = "[No Variations]"
Add component (AddParameter): Name = "Creator"; Value = "Hainv"; VariantName = "[No Variations]"
Add component (AddParameter): Name = "Detailed Value"; Value = "2.2uH 2A"; VariantName = "[No Variations]"
Add component (AddParameter): Name = "Manufacture"; Value = "ZE"; VariantName = "[No Variations]"
Add component (AddParameter): Name = "Mounting type"; Value = "SMD"; VariantName = "[No Variations]"
Add component (AddParameter): Name = "Partnumber"; Value = "ZNR3015ST2R2M"; VariantName = "[No Variations]"
Add component (AddParameter): Name = "Supplier"; Value = "LCSC"; VariantName = "[No Variations]"
Add component (AddParameter): Name = "Value"; Value = "2.2uH 2A"; VariantName = "[No Variations]"
Added Component: Designator=P?(HDR2X15)
Add component (AddParameter): Name = "LatestRevisionDate"; Value = "17-Jul-2002"; VariantName = "[No Variations]"
Add component (AddParameter): Name = "LatestRevisionNote"; Value = "Re-released for DXP Platform."; VariantName = "[No Variations]"
Add component (AddParameter): Name = "Publisher"; Value = "Altium Limited"; VariantName = "[No Variations]"
Added Component: Designator=R?(R0402)
Add component (AddParameter): Name = "Category"; Value = "Resistor"; VariantName = "[No Variations]"
Add component (AddParameter): Name = "Creator"; Value = "Hainv"; VariantName = "[No Variations]"
Add component (AddParameter): Name = "Detailed Value"; Value = "10K/4/1%"; VariantName = "[No Variations]"
Add component (AddParameter): Name = "Manufacture"; Value = "Yageo"; VariantName = "[No Variations]"
Add component (AddParameter): Name = "Mounting type"; Value = "SMD"; VariantName = "[No Variations]"
Add component (AddParameter): Name = "Partnumber"; Value = "RC0402FR-0710KL"; VariantName = "[No Variations]"
Add component (AddParameter): Name = "Supplier"; Value = "LCSC"; VariantName = "[No Variations]"
Add component (AddParameter): Name = "Tolerance"; Value = "±1%"; VariantName = "[No Variations]"
Add component (AddParameter): Name = "Value"; Value = "10K/4/1%"; VariantName = "[No Variations]"
Added Component: Designator=R?(R0402)
Add component (AddParameter): Name = "Category"; Value = "Resistor"; VariantName = "[No Variations]"
Add component (AddParameter): Name = "Creator"; Value = "Hainv"; VariantName = "[No Variations]"
Add component (AddParameter): Name = "Detailed Value"; Value = "100K/4/1%"; VariantName = "[No Variations]"
Add component (AddParameter): Name = "Manufacture"; Value = "Yageo"; VariantName = "[No Variations]"
Add component (AddParameter): Name = "Mounting type"; Value = "SMD"; VariantName = "[No Variations]"
Add component (AddParameter): Name = "Partnumber"; Value = "RC0402FR-07100KL"; VariantName = "[No Variations]"
Add component (AddParameter): Name = "Supplier"; Value = "LCSC"; VariantName = "[No Variations]"
Add component (AddParameter): Name = "Tolerance"; Value = "±1%"; VariantName = "[No Variations]"
Add component (AddParameter): Name = "Value"; Value = "100K/4/1%"; VariantName = "[No Variations]"
Added Component: Designator=R?(R0402)
Add component (AddParameter): Name = "Category"; Value = "Resistor"; VariantName = "[No Variations]"
Add component (AddParameter): Name = "Creator"; Value = "Hainv"; VariantName = "[No Variations]"
Add component (AddParameter): Name = "Detailed Value"; Value = "100K/4/1%"; VariantName = "[No Variations]"
Add component (AddParameter): Name = "Manufacture"; Value = "Yageo"; VariantName = "[No Variations]"
Add component (AddParameter): Name = "Mounting type"; Value = "SMD"; VariantName = "[No Variations]"
Add component (AddParameter): Name = "Partnumber"; Value = "RC0402FR-07100KL"; VariantName = "[No Variations]"
Add component (AddParameter): Name = "Supplier"; Value = "LCSC"; VariantName = "[No Variations]"
Add component (AddParameter): Name = "Tolerance"; Value = "±1%"; VariantName = "[No Variations]"
Add component (AddParameter): Name = "Value"; Value = "100K/4/1%"; VariantName = "[No Variations]"
Added Pin To Net: NetName=+1V1 Pin=E?-2
Added Pin To Net: NetName=+1V1 Pin=P?-3
Added Net: Name=+1V1
Added Pin To Net: NetName=+1V8 Pin=E?-2
Added Pin To Net: NetName=+1V8 Pin=P?-4
Added Net: Name=+1V8
Added Pin To Net: NetName=+2V9 Pin=E?-2
Added Pin To Net: NetName=+2V9 Pin=P?-2
Added Net: Name=+2V9
Added Pin To Net: NetName=+3V3 Pin=C?-2
Added Pin To Net: NetName=+3V3 Pin=C?-2
Added Pin To Net: NetName=+3V3 Pin=C?-2
Added Pin To Net: NetName=+3V3 Pin=C?-2
Added Pin To Net: NetName=+3V3 Pin=E?-2
Added Pin To Net: NetName=+3V3 Pin=J?-22
Added Net: Name=+3V3
Added Pin To Net: NetName=GND Pin=C?-1
Added Pin To Net: NetName=GND Pin=C?-1
Added Pin To Net: NetName=GND Pin=C?-1
Added Pin To Net: NetName=GND Pin=C?-1
Added Pin To Net: NetName=GND Pin=C?-1
Added Pin To Net: NetName=GND Pin=C?-1
Added Pin To Net: NetName=GND Pin=J?-1
Added Pin To Net: NetName=GND Pin=J?-4
Added Pin To Net: NetName=GND Pin=J?-7
Added Pin To Net: NetName=GND Pin=J?-10
Added Pin To Net: NetName=GND Pin=J?-13
Added Pin To Net: NetName=GND Pin=J?-16
Added Pin To Net: NetName=GND Pin=J?-19
Added Pin To Net: NetName=GND Pin=P?-1
Added Pin To Net: NetName=GND Pin=P?-5
Added Pin To Net: NetName=GND Pin=P?-8
Added Pin To Net: NetName=GND Pin=P?-13
Added Pin To Net: NetName=GND Pin=P?-15
Added Pin To Net: NetName=GND Pin=P?-18
Added Pin To Net: NetName=GND Pin=P?-21
Added Pin To Net: NetName=GND Pin=P?-24
Added Pin To Net: NetName=GND Pin=P?-27
Added Pin To Net: NetName=GND Pin=P?-30
Added Pin To Net: NetName=GND Pin=R?-2
Added Net: Name=GND
Added Pin To Net: NetName=NetC?_1 Pin=C?-1
Added Pin To Net: NetName=NetC?_1 Pin=R?-1
Added Pin To Net: NetName=NetC?_1 Pin=R?-2
Added Net: Name=NetC?_1
Added Pin To Net: NetName=NetC?_2 Pin=C?-2
Added Pin To Net: NetName=NetC?_2 Pin=C?-2
Added Pin To Net: NetName=NetC?_2 Pin=C?-2
Added Pin To Net: NetName=NetC?_2 Pin=E?-1
Added Pin To Net: NetName=NetC?_2 Pin=J?-1
Added Pin To Net: NetName=NetC?_2 Pin=R?-1
Added Net: Name=NetC?_2
Added Pin To Net: NetName=NetL?_1 Pin=L?-1
Added Net: Name=NetL?_1
Added Pin To Net: NetName=SCL Pin=J?-20
Added Pin To Net: NetName=SCL Pin=P?-6
Added Net: Name=SCL
Added Class: Name=Sheet1
Added Room: Name=Sheet1
