Change Component Designator: OldDesignator=C? NewDesignator=C1
Change Component Designator: OldDesignator=C? NewDesignator=C3
Change Component Designator: OldDesignator=C? NewDesignator=C4
Change Component Designator: OldDesignator=R? NewDesignator=R1
Change Component Designator: OldDesignator=R? NewDesignator=R3
Change Component Designator: OldDesignator=R? NewDesignator=R5
Change Component Designator: OldDesignator=R? NewDesignator=R7
Change Component Designator: OldDesignator=U? NewDesignator=U1
Change Component Designator: OldDesignator=U? NewDesignator=U2
Change Component Designator: OldDesignator=U? NewDesignator=U3
Change Net Name : Old Net Name=NetC2_2 New Net Name=NetC1_2
Change Net Name : Old Net Name=NetC5_2 New Net Name=NetC3_2
Change Net Name : Old Net Name=NetC?_1 New Net Name=NetC3_1
Change Net Name : Old Net Name=NetR4_1 New Net Name=NetR3_2
Added Member To Class: ClassName=Sheet1 Member=Component C3 22pF-50V
Added Member To Class: ClassName=Sheet1 Member=Component C4 10uF 50V
Added Member To Class: ClassName=Sheet1 Member=Component R1 8.45K/4/1%
Added Member To Class: ClassName=Sheet1 Member=Component R5 51.1K/4/1%
Added Member To Class: ClassName=Sheet1 Member=Component R7 226k/4/1%
Added Member To Class: ClassName=Sheet1 Member=Component U1 ETA3409S2F
Added Member To Class: ClassName=Sheet1 Member=Component U2 TLV75801PDBVR
