Change Component Kind : Designator=C8 Old Kind=Standard New Kind=Standard (No BOM)
Added Component: Designator=J2(JUMP-2.54-2PIN-M-TH)
Add component (AddParameter): Name = "Category"; Value = "Connector"; VariantName = "[No Variations]"
Add component (AddParameter): Name = "Creator"; Value = "Hainv"; VariantName = "[No Variations]"
Add component (AddParameter): Name = "Detailed Value"; Value = "2P"; VariantName = "[No Variations]"
Add component (AddParameter): Name = "Manufacture"; Value = "XKB Connection"; VariantName = "[No Variations]"
Add component (AddParameter): Name = "Mounting type"; Value = "TH"; VariantName = "[No Variations]"
Add component (AddParameter): Name = "Partnumber"; Value = "X6521WV-2x01H-C60D30"; VariantName = "[No Variations]"
Add component (AddParameter): Name = "Supplier"; Value = "LCSC"; VariantName = "[No Variations]"
Add component (AddParameter): Name = "Value"; Value = "2P"; VariantName = "[No Variations]"
Added Pin To Net: NetName=NetJ1_17 Pin=J2-1
Added Pin To Net: NetName=NetJ1_18 Pin=J2-2
Added Member To Class: ClassName=Sheet1 Member=Component C2 100nF
Added Member To Class: ClassName=Sheet1 Member=Component C5 100nF
Added Member To Class: ClassName=Sheet1 Member=Component C6 10uF - 16V
Added Member To Class: ClassName=Sheet1 Member=Component C7 100nF/4/16V
Added Member To Class: ClassName=Sheet1 Member=Component C8 100nF/4/16V
Added Member To Class: ClassName=Sheet1 Member=Component C9 10uF - 16V
Added Member To Class: ClassName=Sheet1 Member=Component C10 100nF/4/16V
Added Member To Class: ClassName=Sheet1 Member=Component C11 10uF - 16V
Added Member To Class: ClassName=Sheet1 Member=Component C12 100nF/4/16V
Added Member To Class: ClassName=Sheet1 Member=Component C14 100nF/4/16V
Added Member To Class: ClassName=Sheet1 Member=Component C15 10uF - 16V
Added Member To Class: ClassName=Sheet1 Member=Component C16 100nF/4/16V
Added Member To Class: ClassName=Sheet1 Member=Component E3 1K-1.5A
Added Member To Class: ClassName=Sheet1 Member=Component E4 1K-1.5A
Added Member To Class: ClassName=Sheet1 Member=Component J2 2P
Added Member To Class: ClassName=Sheet1 Member=Component J3 TP
Added Member To Class: ClassName=Sheet1 Member=Component J4 TP
Added Member To Class: ClassName=Sheet1 Member=Component J5 TP
Added Member To Class: ClassName=Sheet1 Member=Component L1 2.2uH 2A
Added Member To Class: ClassName=Sheet1 Member=Component R2 10K/4/1%
Added Member To Class: ClassName=Sheet1 Member=Component R3 118K/4/1%
Added Member To Class: ClassName=Sheet1 Member=Component R8 100K/4/1%
Added Member To Class: ClassName=Sheet1 Member=Component U3 TLV75801PDBVR
