Replace Part C2 CAP in E:\HARDWARE\GitDVD\connector_v2h_imx415-main\connector_v2h_imx415-main\Sheet1.SchDoc with CAP from MKP_lib.DbLib
Replace Part C5 CAP in E:\HARDWARE\GitDVD\connector_v2h_imx415-main\connector_v2h_imx415-main\Sheet1.SchDoc with CAP from MKP_lib.DbLib
Replace Part C6 CAP in E:\HARDWARE\GitDVD\connector_v2h_imx415-main\connector_v2h_imx415-main\Sheet1.SchDoc with CAP from MKP_lib.DbLib
Replace Part C7 CAP in E:\HARDWARE\GitDVD\connector_v2h_imx415-main\connector_v2h_imx415-main\Sheet1.SchDoc with CAP from MKP_lib.DbLib
Replace Part C8 CAP in E:\HARDWARE\GitDVD\connector_v2h_imx415-main\connector_v2h_imx415-main\Sheet1.SchDoc with CAP from MKP_lib.DbLib
Replace Part C9 CAP in E:\HARDWARE\GitDVD\connector_v2h_imx415-main\connector_v2h_imx415-main\Sheet1.SchDoc with CAP from MKP_lib.DbLib
Replace Part C10 CAP in E:\HARDWARE\GitDVD\connector_v2h_imx415-main\connector_v2h_imx415-main\Sheet1.SchDoc with CAP from MKP_lib.DbLib
Replace Part C11 CAP in E:\HARDWARE\GitDVD\connector_v2h_imx415-main\connector_v2h_imx415-main\Sheet1.SchDoc with CAP from MKP_lib.DbLib
Replace Part C12 CAP in E:\HARDWARE\GitDVD\connector_v2h_imx415-main\connector_v2h_imx415-main\Sheet1.SchDoc with CAP from MKP_lib.DbLib
Replace Part C13 CAP in E:\HARDWARE\GitDVD\connector_v2h_imx415-main\connector_v2h_imx415-main\Sheet1.SchDoc with CAP from MKP_lib.DbLib
Replace Part C14 CAP in E:\HARDWARE\GitDVD\connector_v2h_imx415-main\connector_v2h_imx415-main\Sheet1.SchDoc with CAP from MKP_lib.DbLib
Replace Part C15 CAP in E:\HARDWARE\GitDVD\connector_v2h_imx415-main\connector_v2h_imx415-main\Sheet1.SchDoc with CAP from MKP_lib.DbLib
Replace Part C16 CAP in E:\HARDWARE\GitDVD\connector_v2h_imx415-main\connector_v2h_imx415-main\Sheet1.SchDoc with CAP from MKP_lib.DbLib
Replace Part C? CAP in E:\HARDWARE\GitDVD\connector_v2h_imx415-main\connector_v2h_imx415-main\Sheet1.SchDoc with CAP from MKP_lib.DbLib
Replace Part C? CC0402JRNPO9BN220 in E:\HARDWARE\GitDVD\connector_v2h_imx415-main\connector_v2h_imx415-main\Sheet1.SchDoc with CC0402JRNPO9BN220 from Camera_Box_RK3562.IntLib
Replace Part E1 FB in E:\HARDWARE\GitDVD\connector_v2h_imx415-main\connector_v2h_imx415-main\Sheet1.SchDoc with FB from MKP_lib.DbLib
Replace Part E2 FB in E:\HARDWARE\GitDVD\connector_v2h_imx415-main\connector_v2h_imx415-main\Sheet1.SchDoc with FB from MKP_lib.DbLib
Replace Part E3 FB in E:\HARDWARE\GitDVD\connector_v2h_imx415-main\connector_v2h_imx415-main\Sheet1.SchDoc with FB from MKP_lib.DbLib
Replace Part E4 FB in E:\HARDWARE\GitDVD\connector_v2h_imx415-main\connector_v2h_imx415-main\Sheet1.SchDoc with FB from MKP_lib.DbLib
Replace Part J1 F32Q-1A7H1-11022 in E:\HARDWARE\GitDVD\connector_v2h_imx415-main\connector_v2h_imx415-main\Sheet1.SchDoc with F32Q-1A7H1-11022 from F32Q-1A7H1-11022.IntLib
Replace Part J2 CON-2PIN in E:\HARDWARE\GitDVD\connector_v2h_imx415-main\connector_v2h_imx415-main\Sheet1.SchDoc with CON-2PIN from MKP_lib.DbLib
Replace Part J3 TP in E:\HARDWARE\GitDVD\connector_v2h_imx415-main\connector_v2h_imx415-main\Sheet1.SchDoc with TP from MKP_lib.DbLib
Replace Part J4 TP in E:\HARDWARE\GitDVD\connector_v2h_imx415-main\connector_v2h_imx415-main\Sheet1.SchDoc with TP from MKP_lib.DbLib
Replace Part J5 TP in E:\HARDWARE\GitDVD\connector_v2h_imx415-main\connector_v2h_imx415-main\Sheet1.SchDoc with TP from MKP_lib.DbLib
Replace Part L1 IND in E:\HARDWARE\GitDVD\connector_v2h_imx415-main\connector_v2h_imx415-main\Sheet1.SchDoc with IND from MKP_lib.DbLib
Replace Part P1 Header 15X2 in E:\HARDWARE\GitDVD\connector_v2h_imx415-main\connector_v2h_imx415-main\Sheet1.SchDoc with Header 15X2 from Miscellaneous Connectors.IntLib
Replace Part R2 RES in E:\HARDWARE\GitDVD\connector_v2h_imx415-main\connector_v2h_imx415-main\Sheet1.SchDoc with RES from MKP_lib.DbLib
Replace Part R4 RES in E:\HARDWARE\GitDVD\connector_v2h_imx415-main\connector_v2h_imx415-main\Sheet1.SchDoc with RES from MKP_lib.DbLib
Replace Part R6 RES in E:\HARDWARE\GitDVD\connector_v2h_imx415-main\connector_v2h_imx415-main\Sheet1.SchDoc with RES from MKP_lib.DbLib
Replace Part R8 RES in E:\HARDWARE\GitDVD\connector_v2h_imx415-main\connector_v2h_imx415-main\Sheet1.SchDoc with RES from MKP_lib.DbLib
Replace Part U? TLV75801PDBVR in E:\HARDWARE\GitDVD\connector_v2h_imx415-main\connector_v2h_imx415-main\Sheet1.SchDoc with TLV75801PDBVR from Camera_Box_RK3562.IntLib
Replace Part U? TLV75801PDBVR in E:\HARDWARE\GitDVD\connector_v2h_imx415-main\connector_v2h_imx415-main\Sheet1.SchDoc with TLV75801PDBVR from Camera_Box_RK3562.IntLib
Replace Part Y1 OSCILLATOR in E:\HARDWARE\GitDVD\connector_v2h_imx415-main\connector_v2h_imx415-main\Sheet1.SchDoc with OSCILLATOR from MKP_lib.DbLib
